
Isabella Alvarez
Log for AST 4762, Fall 2026

***** IN: Wed Aug 25 15 :10 :52 EDT 2026

Opened TextEdit, started this log, saved as:
/home/ialvarez27/Desktop/0-ast4762-<ialvarez27>.log

Name: Isabella Alvarez
Username:ialvarez27
What astronomy classes have you taken? AST 2002, AST 3402, & AST4142
Are you generally comfortable with calculus and physics? Yes
Have you ever programmed a computer? No
In what language(s)? Python
Have you taken a programming class, and if so which? COP 2500
Have you taken statistics or probability? Statistics
Will you be attending the DPS conference this year, or will
you be away otherwise? Away
Why are you taking this course? To work efficiently with data
Are there particular topics you hope to learn? Advanced flow control coding
If you have programmed outside of a course before, please briefly describe: N/A
If you have worked with scientific data before, briefly describe your experience: Run samples in a spectrometer then transferred files into a code to obtain a graph.
Please describe any projects in astronomy, including involvement in amateur groups, owning a telescope, research, etc.: Currently in a group with Dr. Campins to learn about imaging and obtaining data from OSIRIS-Rex. 

Created a folder saved to my desktop titled "ast4762>/"
-I made a folder within this folder titled "Homework"
- I copied the log to the "Homework folder" titled "hw0_<ialvarez27>"

*****OUT: Wed Aug 26 15:38:08